warning: fields `email` and `balance` are never read
  --> src\query\query.rs:15:9
   |
13 | pub struct User {
   |            ---- fields in this struct
14 |     pub user_id: Option<String>,
15 |     pub email: Option<String>,
   |         ^^^^^
16 |     pub balance: Option<i64>,
   |         ^^^^^^^
   |
   = note: `User` has a derived impl for the trait `Debug`, but this is intentionally ignored during dead code analysis
   = note: `#[warn(dead_code)]` (part of `#[warn(unused)]`) on by default

warning: field `balance` is never read
  --> src\query\query.rs:21:9
   |
19 | pub struct Deposit {
   |            ------- field in this struct
20 |     pub success: bool,
21 |     pub balance: Option<i64>,
   |         ^^^^^^^

warning: `backend` (bin "backend") generated 2 warnings
    Finished `dev` profile [unoptimized + debuginfo] target(s) in 0.77s
     Running `target\debug\backend.exe`
connection error: connection closed

thread 'main' (3820) panicked at src\main.rs:36:42:
called `Result::unwrap()` on an `Err` value: No connection could be made because the target machine actively refused it. (os error 10061)
note: run with `RUST_BACKTRACE=1` environment variable to display a backtrace
error: process didn't exit successfully: `target\debug\backend.exe` (exit code: 101)
